
> omnysports@0.0.1 build
> astro build

node.exe : [2m8:22:11 PM[22m 
[31m[1m[vite][22m[39m [31m[2m(ssr)[22m[39m 
[31mError when evaluating SSR module C:\Users\ahmed\On
eDrive\Documents\GitHub\website\astro.config.mjs: 
Cannot find module 'vite-plugin-pwa' imported from 'C:/
Users/ahmed/OneDrive/Documents/GitHub/website/astro.con
fig.mjs'[39m
At line:1 char:1
+ & "C:\Program Files\nodejs/node.exe" "C:\Program 
Files\nodejs/node_mo ...
+ ~~~~~~~~~~~~~~~~~~~~~~~~~~~~~~~~~~~~~~~~~~~~~~~~~~~~~
~~~~~~~~~~~~~~~~
    + CategoryInfo          : NotSpecified: ([2m8:22: 
   11 PM...onfig.mjs'[39m:String) [], RemoteExcepti  
  on
    + FullyQualifiedErrorId : NativeCommandError
 
      at fetchModule (file:///C:/Users/ahmed/OneDrive/D
ocuments/GitHub/website/node_modules/astro/node_modules
/vite/dist/node/chunks/dep-D4NMHUTW.js:46842:19)
      at RunnableDevEnvironment.fetchModule (file:///C:
/Users/ahmed/OneDrive/Documents/GitHub/website/node_mod
ules/astro/node_modules/vite/dist/node/chunks/dep-D4NMH
UTW.js:47933:12)
      at fetchModule (file:///C:/Users/ahmed/OneDrive/D
ocuments/GitHub/website/node_modules/astro/node_modules
/vite/dist/node/chunks/dep-D4NMHUTW.js:47887:21)
      at handleInvoke (file:///C:/Users/ahmed/OneDrive/
Documents/GitHub/website/node_modules/astro/node_module
s/vite/dist/node/chunks/dep-D4NMHUTW.js:39002:28)
      at EventEmitter.listenerForInvokeHandler (file://
/C:/Users/ahmed/OneDrive/Documents/GitHub/website/node_
modules/astro/node_modules/vite/dist/node/chunks/dep-D4
NMHUTW.js:39075:25)
      at EventEmitter.emit (node:events:508:28)
      at Object.send (file:///C:/Users/ahmed/OneDrive/D
ocuments/GitHub/website/node_modules/astro/node_modules
/vite/dist/node/chunks/dep-D4NMHUTW.js:25190:40)
      at Object.invoke (file:///C:/Users/ahmed/OneDrive
/Documents/GitHub/website/node_modules/astro/node_modul
es/vite/dist/node/module-runner.js:621:34)
      at Object.invoke (file:///C:/Users/ahmed/OneDrive
/Documents/GitHub/website/node_modules/astro/node_modul
es/vite/dist/node/module-runner.js:682:34)
      at SSRCompatModuleRunner.getModuleInformation (fi
le:///C:/Users/ahmed/OneDrive/Documents/GitHub/website/
node_modules/astro/node_modules/vite/dist/node/module-r
unner.js:1205:94)
[1m[31m[astro][39m[22m Unable to load your Astro 
config

Cannot find module 'vite-plugin-pwa' imported from 'C:/
Users/ahmed/OneDrive/Documents/GitHub/website/astro.con
fig.mjs'
  [1mLocation:[22m
    [4mC:\Users\ahmed\OneDrive\Documents\GitHub\websit
e\node_modules\astro\node_modules\vite\dist\node\chunks
\dep-D4NMHUTW.js:46842:19[24m
  [1mStack trace:[22m
[2m    at fetchModule (file:///C:/Users/ahmed/OneDrive
/Documents/GitHub/website/node_modules/astro/node_modul
es/vite/dist/node/chunks/dep-D4NMHUTW.js:46842:19)
    at fetchModule (file:///C:/Users/ahmed/OneDrive/Doc
uments/GitHub/website/node_modules/astro/node_modules/v
ite/dist/node/chunks/dep-D4NMHUTW.js:47887:21)
    at EventEmitter.listenerForInvokeHandler (file:///C
:/Users/ahmed/OneDrive/Documents/GitHub/website/node_mo
dules/astro/node_modules/vite/dist/node/chunks/dep-D4NM
HUTW.js:39075:25)
    at Object.send (file:///C:/Users/ahmed/OneDrive/Doc
uments/GitHub/website/node_modules/astro/node_modules/v
ite/dist/node/chunks/dep-D4NMHUTW.js:25190:40)
    at Object.invoke (file:///C:/Users/ahmed/OneDrive/D
ocuments/GitHub/website/node_modules/astro/node_modules
/vite/dist/node/module-runner.js:682:34)[22m
